// Jest Snapshot v1, https://goo.gl/fbAQLP

exports[`TabPanel component should render correctly 1`] = `
<DocumentFragment>
  <div
    aria-labelledby="menu-tab-1"
    id="menu-tabpanel-1"
    role="tabpanel"
  >
    <div
      class="tab-panel MuiBox-root css-cu9xnh"
      data-testid="tab-panel"
    >
      <div />
    </div>
  </div>
</DocumentFragment>
`;
